Basic-01.92/AndroidManifest.xml
Basic-01.92/libs/android-support-compat-28.0.0.jar
Basic-01.92/libs/commons-net-3.0.1.jar
Basic-01.92/libs/notifyclassic-1.0.jar
Basic-01.92/libs/org.apache.http.legacy.jar
Basic-01.92/libs/support-annotations-26.0.0-alpha1.jar
Basic-01.92/res/drawable/blank.png
Basic-01.92/res/drawable/classic_notify_icon.png
Basic-01.92/res/drawable/notify_icon.png
Basic-01.92/res/drawable/splash.png
Basic-01.92/res/drawable-hdpi/icon.png
Basic-01.92/res/drawable-ldpi/icon.png
Basic-01.92/res/drawable-mdpi/icon.png
Basic-01.92/res/drawable-xhdpi/icon.png
Basic-01.92/res/drawable-xxhdpi/icon.png
Basic-01.92/res/drawable-xxxhdpi/icon.png
Basic-01.92/res/layout/about.xml
Basic-01.92/res/layout/camera.xml
Basic-01.92/res/layout/console.xml
Basic-01.92/res/layout/debug_dialog_layout.xml
Basic-01.92/res/layout/debug_list_layout.xml
Basic-01.92/res/layout/debug_list_s_layout.xml
Basic-01.92/res/layout/device_list.xml
Basic-01.92/res/layout/device_name.xml
Basic-01.92/res/layout/editor.xml
Basic-01.92/res/layout/get_sc_parms.xml
Basic-01.92/res/layout/search.xml
Basic-01.92/res/layout/simple_list_layout.xml
Basic-01.92/res/layout/simple_list_layout_1.xml
Basic-01.92/res/layout/simple_list_layout_l.xml
Basic-01.92/res/layout/simple_list_layout_m.xml
Basic-01.92/res/layout/simple_list_layout_s.xml
Basic-01.92/res/layout/splash.xml
Basic-01.92/res/layout/text_input.xml
Basic-01.92/res/layout/tget.xml
Basic-01.92/res/layout/web.xml
Basic-01.92/res/layout-land/get_sc_parms.xml
Basic-01.92/res/layout-land/search.xml
Basic-01.92/res/menu/editor.xml
Basic-01.92/res/menu/run.xml
Basic-01.92/res/menu-v11/editor.xml
Basic-01.92/res/values/arrays.xml
Basic-01.92/res/values/setup.xml
Basic-01.92/res/values/strings.xml
Basic-01.92/res/values/styles.xml
Basic-01.92/res/values-ja/arrays.xml
Basic-01.92/res/values-ja/setup.xml
Basic-01.92/res/values-ja/strings.xml
Basic-01.92/res/values-ja/styles.xml
Basic-01.92/res/xml/settings.xml
Basic-01.92/src/android/util/Base64.java
Basic-01.92/src/com/rfo/basic/About.java.body
Basic-01.92/src/com/rfo/basic/About.java.head
Basic-01.92/src/com/rfo/basic/AddProgramLine.java.body
Basic-01.92/src/com/rfo/basic/AddProgramLine.java.head
Basic-01.92/src/com/rfo/basic/AutoRun.java.body
Basic-01.92/src/com/rfo/basic/AutoRun.java.head
Basic-01.92/src/com/rfo/basic/Basic.java.body
Basic-01.92/src/com/rfo/basic/Basic.java.head
Basic-01.92/src/com/rfo/basic/BluetoothChatService.java.body
Basic-01.92/src/com/rfo/basic/BluetoothChatService.java.head
Basic-01.92/src/com/rfo/basic/BootUpReceiver.java.body
Basic-01.92/src/com/rfo/basic/BootUpReceiver.java.head
Basic-01.92/src/com/rfo/basic/CameraView.java.body
Basic-01.92/src/com/rfo/basic/CameraView.java.head
Basic-01.92/src/com/rfo/basic/ContextManager.java.body
Basic-01.92/src/com/rfo/basic/ContextManager.java.head
Basic-01.92/src/com/rfo/basic/Debugger.java.body
Basic-01.92/src/com/rfo/basic/Debugger.java.head
Basic-01.92/src/com/rfo/basic/Delete.java.body
Basic-01.92/src/com/rfo/basic/Delete.java.head
Basic-01.92/src/com/rfo/basic/DeviceListActivity.java.body
Basic-01.92/src/com/rfo/basic/DeviceListActivity.java.head
Basic-01.92/src/com/rfo/basic/Editor.java.body
Basic-01.92/src/com/rfo/basic/Editor.java.head
Basic-01.92/src/com/rfo/basic/Format.java.body
Basic-01.92/src/com/rfo/basic/Format.java.head
Basic-01.92/src/com/rfo/basic/GPS.java.body
Basic-01.92/src/com/rfo/basic/GPS.java.head
Basic-01.92/src/com/rfo/basic/GR.java.body
Basic-01.92/src/com/rfo/basic/GR.java.head
Basic-01.92/src/com/rfo/basic/HandleNotify.java.body
Basic-01.92/src/com/rfo/basic/HandleNotify.java.head
Basic-01.92/src/com/rfo/basic/Help.java.body
Basic-01.92/src/com/rfo/basic/Help.java.head
Basic-01.92/src/com/rfo/basic/KeyboardManager.java.body
Basic-01.92/src/com/rfo/basic/KeyboardManager.java.head
Basic-01.92/src/com/rfo/basic/LauncherShortcuts.java.body
Basic-01.92/src/com/rfo/basic/LauncherShortcuts.java.head
Basic-01.92/src/com/rfo/basic/LoadFile.java.body
Basic-01.92/src/com/rfo/basic/LoadFile.java.head
Basic-01.92/src/com/rfo/basic/Run.java.body
Basic-01.92/src/com/rfo/basic/Run.java.head
Basic-01.92/src/com/rfo/basic/Search.java.body
Basic-01.92/src/com/rfo/basic/Search.java.head
Basic-01.92/src/com/rfo/basic/Select.java.body
Basic-01.92/src/com/rfo/basic/Select.java.head
Basic-01.92/src/com/rfo/basic/SensorActivity.java.body
Basic-01.92/src/com/rfo/basic/SensorActivity.java.head
Basic-01.92/src/com/rfo/basic/Settings.java.body
Basic-01.92/src/com/rfo/basic/Settings.java.head
Basic-01.92/src/com/rfo/basic/SUReader.java.body
Basic-01.92/src/com/rfo/basic/SUReader.java.head
Basic-01.92/src/com/rfo/basic/TextInput.java.body
Basic-01.92/src/com/rfo/basic/TextInput.java.head
Basic-01.92/src/com/rfo/basic/TextToSpeechActivity.java.body
Basic-01.92/src/com/rfo/basic/TextToSpeechActivity.java.head
Basic-01.92/src/com/rfo/basic/TGet.java.body
Basic-01.92/src/com/rfo/basic/TGet.java.head
Basic-01.92/src/com/rfo/basic/Var.java.body
Basic-01.92/src/com/rfo/basic/Var.java.head
Basic-01.92/src/com/rfo/basic/Web.java.body
Basic-01.92/src/com/rfo/basic/Web.java.head
