Basic-01.92/AndroidManifest.xml
Basic-01.92/libs/android-support-compat-28.0.0.jar
Basic-01.92/libs/commons-net-3.0.1.jar
Basic-01.92/libs/notifyclassic-1.0.jar
Basic-01.92/libs/org.apache.http.legacy.jar
Basic-01.92/libs/support-annotations-26.0.0-alpha1.jar
Basic-01.92/res/drawable/blank.png
Basic-01.92/res/drawable/classic_notify_icon.png
Basic-01.92/res/drawable/notify_icon.png
Basic-01.92/res/drawable/splash.png
Basic-01.92/res/drawable-hdpi/icon.png
Basic-01.92/res/drawable-ldpi/icon.png
Basic-01.92/res/drawable-mdpi/icon.png
Basic-01.92/res/drawable-xhdpi/icon.png
Basic-01.92/res/drawable-xxhdpi/icon.png
Basic-01.92/res/drawable-xxxhdpi/icon.png
Basic-01.92/res/layout/about.xml
Basic-01.92/res/layout/camera.xml
Basic-01.92/res/layout/console.xml
Basic-01.92/res/layout/debug_dialog_layout.xml
Basic-01.92/res/layout/debug_list_layout.xml
Basic-01.92/res/layout/debug_list_s_layout.xml
Basic-01.92/res/layout/device_list.xml
Basic-01.92/res/layout/device_name.xml
Basic-01.92/res/layout/editor.xml
Basic-01.92/res/layout/get_sc_parms.xml
Basic-01.92/res/layout/search.xml
Basic-01.92/res/layout/simple_list_layout.xml
Basic-01.92/res/layout/simple_list_layout_1.xml
Basic-01.92/res/layout/simple_list_layout_l.xml
Basic-01.92/res/layout/simple_list_layout_m.xml
Basic-01.92/res/layout/simple_list_layout_s.xml
Basic-01.92/res/layout/splash.xml
Basic-01.92/res/layout/text_input.xml
Basic-01.92/res/layout/tget.xml
Basic-01.92/res/layout/web.xml
Basic-01.92/res/layout-land/get_sc_parms.xml
Basic-01.92/res/layout-land/search.xml
Basic-01.92/res/menu/editor.xml
Basic-01.92/res/menu/run.xml
Basic-01.92/res/menu-v11/editor.xml
Basic-01.92/res/values/arrays.xml
Basic-01.92/res/values/strings.xml
Basic-01.92/res/values/styles.xml
Basic-01.92/res/values/setup.xml
Basic-01.92/res/values-ja/arrays.xml
Basic-01.92/res/values-ja/setup.xml
Basic-01.92/res/values-ja/strings.xml
Basic-01.92/res/values-ja/styles.xml
Basic-01.92/res/xml/settings.xml
Basic-01.92/src/android/util/Base64.java
Basic-01.92/src/com/rfo/Basic/Debugger.java.body
Basic-01.92/src/com/rfo/Basic/Debugger.java.head
Basic-01.92/src/com/rfo/Basic/Delete.java.body
Basic-01.92/src/com/rfo/Basic/Delete.java.head
Basic-01.92/src/com/rfo/Basic/DeviceListActivity.java.body
Basic-01.92/src/com/rfo/Basic/DeviceListActivity.java.head
Basic-01.92/src/com/rfo/Basic/Editor.java.body
Basic-01.92/src/com/rfo/Basic/Editor.java.head
Basic-01.92/src/com/rfo/Basic/Format.java.body
Basic-01.92/src/com/rfo/Basic/About.java.body
Basic-01.92/src/com/rfo/Basic/About.java.head
Basic-01.92/src/com/rfo/Basic/AddProgramLine.java.body
Basic-01.92/src/com/rfo/Basic/AddProgramLine.java.head
Basic-01.92/src/com/rfo/Basic/AutoRun.java.body
Basic-01.92/src/com/rfo/Basic/AutoRun.java.head
Basic-01.92/src/com/rfo/Basic/Basic.java.body
Basic-01.92/src/com/rfo/Basic/Basic.java.head
Basic-01.92/src/com/rfo/Basic/BluetoothChatService.java.body
Basic-01.92/src/com/rfo/Basic/BluetoothChatService.java.head
Basic-01.92/src/com/rfo/Basic/BootUpReceiver.java.body
Basic-01.92/src/com/rfo/Basic/BootUpReceiver.java.head
Basic-01.92/src/com/rfo/Basic/CameraView.java.body
Basic-01.92/src/com/rfo/Basic/CameraView.java.head
Basic-01.92/src/com/rfo/Basic/ContextManager.java.body
Basic-01.92/src/com/rfo/Basic/ContextManager.java.head
Basic-01.92/src/com/rfo/Basic/Format.java.head
Basic-01.92/src/com/rfo/Basic/GPS.java.body
Basic-01.92/src/com/rfo/Basic/GPS.java.head
Basic-01.92/src/com/rfo/Basic/GR.java.body
Basic-01.92/src/com/rfo/Basic/GR.java.head
Basic-01.92/src/com/rfo/Basic/HandleNotify.java.body
Basic-01.92/src/com/rfo/Basic/HandleNotify.java.head
Basic-01.92/src/com/rfo/Basic/Help.java.body
Basic-01.92/src/com/rfo/Basic/Help.java.head
Basic-01.92/src/com/rfo/Basic/KeyboardManager.java.body
Basic-01.92/src/com/rfo/Basic/KeyboardManager.java.head
Basic-01.92/src/com/rfo/Basic/LauncherShortcuts.java.body
Basic-01.92/src/com/rfo/Basic/LauncherShortcuts.java.head
Basic-01.92/src/com/rfo/Basic/LoadFile.java.body
Basic-01.92/src/com/rfo/Basic/LoadFile.java.head
Basic-01.92/src/com/rfo/Basic/Run.java.body
Basic-01.92/src/com/rfo/Basic/Run.java.head
Basic-01.92/src/com/rfo/Basic/Search.java.body
Basic-01.92/src/com/rfo/Basic/Search.java.head
Basic-01.92/src/com/rfo/Basic/Select.java.body
Basic-01.92/src/com/rfo/Basic/Select.java.head
Basic-01.92/src/com/rfo/Basic/SensorActivity.java.body
Basic-01.92/src/com/rfo/Basic/SensorActivity.java.head
Basic-01.92/src/com/rfo/Basic/Settings.java.body
Basic-01.92/src/com/rfo/Basic/Settings.java.head
Basic-01.92/src/com/rfo/Basic/SUReader.java.body
Basic-01.92/src/com/rfo/Basic/SUReader.java.head
Basic-01.92/src/com/rfo/Basic/TextInput.java.body
Basic-01.92/src/com/rfo/Basic/TextInput.java.head
Basic-01.92/src/com/rfo/Basic/TextToSpeechActivity.java.body
Basic-01.92/src/com/rfo/Basic/TextToSpeechActivity.java.head
Basic-01.92/src/com/rfo/Basic/TGet.java.body
Basic-01.92/src/com/rfo/Basic/TGet.java.head
Basic-01.92/src/com/rfo/Basic/Var.java.body
Basic-01.92/src/com/rfo/Basic/Var.java.head
Basic-01.92/src/com/rfo/Basic/Web.java.body
Basic-01.92/src/com/rfo/Basic/Web.java.head
